abbccc
Alllllllllllleeeeexxxxxxxxxxxxxxxxxxxxxxxx.
abbacccaddddabba 42!


