Popoche est un sobre

zaz

ZaZ eT David aiME le METal.
eNcOre Un ExEmPle Pas Facile a Ecrire 
