bcd
Mft tubhjbjsft ev tubgg of tfoufou qbt upvkpvst usft cpo.
BlkiA aMLJKa , 23z 


