l'EspRIT Ne PEuT PLuS PrOGrESsER S'iL STAgNE ET Si PErSiStENT vaNiTE ET AUTO-JUSTIFICATION.
s'ENtoUrER De SecREt EsT Un SigNe dE MaNqUe dE COnnAIssANcE.  
3:21 bA  ToUT  MOuN KI kA DI ke M'EN kA FE FOT

